Archive member included to satisfy reference by file (symbol)

C:/devkitPro/libnds/lib\libnds9.a(gl2d.o)
                              main.o (glScreen2D)
C:/devkitPro/libnds/lib\libnds9.a(trig.o)
                              C:/devkitPro/libnds/lib\libnds9.a(gl2d.o) (sinLerp)
C:/devkitPro/libnds/lib\libnds9.a(videoGL.o)
                              C:/devkitPro/libnds/lib\libnds9.a(gl2d.o) (glMaterialf)
C:/devkitPro/libnds/lib\libnds9.a(initSystem.o)
                              c:/devkitpro/devkitarm/bin/../lib/gcc/arm-none-eabi/10.2.0/../../../../arm-none-eabi/lib/thumb/ds_arm9_crt0.o (initSystem)
C:/devkitPro/libnds/lib\libnds9.a(timeSupport.o)
                              C:/devkitPro/libnds/lib\libnds9.a(initSystem.o) (__libnds_gtod)
C:/devkitPro/libnds/lib\libnds9.a(securearea.o)
                              c:/devkitpro/devkitarm/bin/../lib/gcc/arm-none-eabi/10.2.0/../../../../arm-none-eabi/lib/thumb/ds_arm9_crt0.o (__secure_area__)
C:/devkitPro/libnds/lib\libnds9.a(interrupts.o)
                              C:/devkitPro/libnds/lib\libnds9.a(initSystem.o) (irqInit)
C:/devkitPro/libnds/lib\libnds9.a(libnds_exit.arm.o)
                              c:/devkitpro/devkitarm/bin/../lib/gcc/arm-none-eabi/10.2.0/../../../../arm-none-eabi/lib/thumb/ds_arm9_crt0.o (__libnds_exit)
C:/devkitPro/libnds/lib\libnds9.a(fifosystem.o)
                              C:/devkitPro/libnds/lib\libnds9.a(initSystem.o) (fifoSetValue32Handler)
C:/devkitPro/libnds/lib\libnds9.a(mpu_setup.o)
                              c:/devkitpro/devkitarm/bin/../lib/gcc/arm-none-eabi/10.2.0/../../../../arm-none-eabi/lib/thumb/ds_arm9_crt0.o (__libnds_mpu_setup)
C:/devkitPro/libnds/lib\libnds9.a(IntrWait.o)
                              main.o (swiWaitForVBlank)
C:/devkitPro/libnds/lib\libnds9.a(cpu_clock.o)
                              C:/devkitPro/libnds/lib\libnds9.a(initSystem.o) (setCpuClock)
C:/devkitPro/libnds/lib\libnds9.a(interruptDispatcher.o)
                              C:/devkitPro/libnds/lib\libnds9.a(interrupts.o) (IntrMain)
C:/devkitPro/libnds/lib\libnds9.a(swiSoftReset.o)
                              C:/devkitPro/libnds/lib\libnds9.a(fifosystem.o) (swiSoftReset)
C:/devkitPro/libnds/lib\libnds9.a(biosCalls.o)
                              C:/devkitPro/libnds/lib\libnds9.a(videoGL.o) (swiCopy)
C:/devkitPro/libnds/lib\libnds9.a(dynamicArray.o)
                              C:/devkitPro/libnds/lib\libnds9.a(videoGL.o) (DynamicArrayInit)
C:/devkitPro/libnds/lib\libnds9.a(video.o)
                              C:/devkitPro/libnds/lib\libnds9.a(videoGL.o) (vramSetBanks_EFG)
C:/devkitPro/libnds/lib\libnds9.a(system.o)
                              C:/devkitPro/libnds/lib\libnds9.a(initSystem.o) (systemValueHandler)
c:/devkitpro/devkitarm/bin/../lib/gcc/arm-none-eabi/10.2.0/../../../../arm-none-eabi/lib/thumb\libm.a(lib_a-w_sqrt.o)
                              main.o (sqrt)
c:/devkitpro/devkitarm/bin/../lib/gcc/arm-none-eabi/10.2.0/../../../../arm-none-eabi/lib/thumb\libm.a(lib_a-e_sqrt.o)
                              c:/devkitpro/devkitarm/bin/../lib/gcc/arm-none-eabi/10.2.0/../../../../arm-none-eabi/lib/thumb\libm.a(lib_a-w_sqrt.o) (__ieee754_sqrt)
c:/devkitpro/devkitarm/bin/../lib/gcc/arm-none-eabi/10.2.0/../../../../arm-none-eabi/lib/thumb\libm.a(lib_a-s_lib_ver.o)
                              c:/devkitpro/devkitarm/bin/../lib/gcc/arm-none-eabi/10.2.0/../../../../arm-none-eabi/lib/thumb\libm.a(lib_a-w_sqrt.o) (__fdlib_version)
c:/devkitpro/devkitarm/bin/../lib/gcc/arm-none-eabi/10.2.0/thumb\libgcc.a(_arm_muldf3.o)
                              main.o (__aeabi_dmul)
c:/devkitpro/devkitarm/bin/../lib/gcc/arm-none-eabi/10.2.0/thumb\libgcc.a(_divsi3.o)
                              C:/devkitPro/libnds/lib\libnds9.a(gl2d.o) (__aeabi_idiv)
c:/devkitpro/devkitarm/bin/../lib/gcc/arm-none-eabi/10.2.0/thumb\libgcc.a(_dvmd_tls.o)
                              c:/devkitpro/devkitarm/bin/../lib/gcc/arm-none-eabi/10.2.0/thumb\libgcc.a(_divsi3.o) (__aeabi_idiv0)
c:/devkitpro/devkitarm/bin/../lib/gcc/arm-none-eabi/10.2.0/thumb\libgcc.a(_arm_addsubdf3.o)
                              main.o (__aeabi_dsub)
c:/devkitpro/devkitarm/bin/../lib/gcc/arm-none-eabi/10.2.0/thumb\libgcc.a(_arm_muldivdf3.o)
                              c:/devkitpro/devkitarm/bin/../lib/gcc/arm-none-eabi/10.2.0/../../../../arm-none-eabi/lib/thumb\libm.a(lib_a-w_sqrt.o) (__aeabi_ddiv)
c:/devkitpro/devkitarm/bin/../lib/gcc/arm-none-eabi/10.2.0/thumb\libgcc.a(_arm_cmpdf2.o)
                              c:/devkitpro/devkitarm/bin/../lib/gcc/arm-none-eabi/10.2.0/../../../../arm-none-eabi/lib/thumb\libm.a(lib_a-w_sqrt.o) (__aeabi_dcmplt)
c:/devkitpro/devkitarm/bin/../lib/gcc/arm-none-eabi/10.2.0/thumb\libgcc.a(_arm_unorddf2.o)
                              c:/devkitpro/devkitarm/bin/../lib/gcc/arm-none-eabi/10.2.0/../../../../arm-none-eabi/lib/thumb\libm.a(lib_a-w_sqrt.o) (__aeabi_dcmpun)
[...]
Memory Configuration

Name             Origin             Length             Attributes
ewram            0x0000000002000000 0x0000000000380000
dtcm             0x0000000002ff0000 0x0000000000004000
vectors          0x0000000001000000 0x0000000000000100
itcm             0x0000000001000100 0x0000000000007f00
*default*        0x0000000000000000 0xffffffffffffffff

Linker script and memory map

                0x0000000002380000                __ewram_end = (ORIGIN (ewram) + LENGTH (ewram))
                0x0000000002380000                __eheap_end = (ORIGIN (ewram) + LENGTH (ewram))
                0x0000000002ff4000                __dtcm_top = (ORIGIN (dtcm) + LENGTH (dtcm))
                0x0000000002ff3ff8                __irq_flags = (__dtcm_top - 0x8)
                0x0000000002ff3ffc                __irq_vector = (__dtcm_top - 0x4)
                0x0000000002ff3f00                __sp_svc = (__dtcm_top - 0x100)
                0x0000000002ff3e00                __sp_irq = (__sp_svc - 0x100)
                0x0000000002ff3d00                __sp_usr = (__sp_irq - 0x100)

.secure         0x0000000002000000      0x800
 *(.secure)
 .secure        0x0000000002000000      0x800 C:/devkitPro/libnds/lib\libnds9.a(securearea.o)
                0x0000000002000000                __secure_area__

.crt0           0x0000000002000800      0x300
                0x0000000002000800                __text_start = .
 *(.crt0)
 .crt0          0x0000000002000800      0x300 c:/devkitpro/devkitarm/bin/../lib/gcc/arm-none-eabi/10.2.0/../../../../arm-none-eabi/lib/thumb/ds_arm9_crt0.o
                0x0000000002000800                _start
                0x0000000002000b00                . = ALIGN (0x4)

.plt
 *(.plt)

.init           0x0000000002000b00        0xc
 *(SORT_NONE(.init))
 .init          0x0000000002000b00        0x4 c:/devkitpro/devkitarm/bin/../lib/gcc/arm-none-eabi/10.2.0/thumb/crti.o
                0x0000000002000b00                _init
 .init          0x0000000002000b04        0x8 c:/devkitpro/devkitarm/bin/../lib/gcc/arm-none-eabi/10.2.0/thumb/crtn.o

.text           0x0000000002000b10     0x3c00
 *(EXCLUDE_FILE(*.twl* *.vectors* *.itcm*) .text)
 .text          0x0000000002000b10       0xe8 main.o
                0x0000000002000b10                mandlebrot(int, int)
 .text          0x0000000002000bf8      0x424 c:/devkitpro/devkitarm/bin/../lib/gcc/arm-none-eabi/10.2.0/thumb\libgcc.a(_arm_addsubdf3.o)
                0x0000000002000bf8                __aeabi_drsub
                0x0000000002000c00                __aeabi_dsub
                0x0000000002000c00                __subdf3
                0x0000000002000c04                __aeabi_dadd
                0x0000000002000c04                __adddf3
                0x0000000002000f14                __floatunsidf
                0x0000000002000f14                __aeabi_ui2d
                0x0000000002000f38                __floatsidf
                0x0000000002000f38                __aeabi_i2d
                0x0000000002000f60                __aeabi_f2d
                0x0000000002000f60                __extendsfdf2
                0x0000000002000fa8                __floatundidf
                0x0000000002000fa8                __aeabi_ul2d
                0x0000000002000fbc                __floatdidf
                0x0000000002000fbc                __aeabi_l2d
 .text          0x000000000200101c      0x49c c:/devkitpro/devkitarm/bin/../lib/gcc/arm-none-eabi/10.2.0/thumb\libgcc.a(_arm_muldivdf3.o)
                0x000000000200101c                __aeabi_dmul
                0x000000000200101c                __muldf3
                0x00000000020012ac                __divdf3
                0x00000000020012ac                __aeabi_ddiv
 .text          0x00000000020014b8      0x144 c:/devkitpro/devkitarm/bin/../lib/gcc/arm-none-eabi/10.2.0/thumb\libgcc.a(_arm_cmpdf2.o)
                0x00000000020014b8                __gtdf2
                0x00000000020014b8                __gedf2
                0x00000000020014c0                __ltdf2
                0x00000000020014c0                __ledf2
                0x00000000020014c8                __nedf2
                0x00000000020014c8                __eqdf2
                0x00000000020014c8                __cmpdf2
                0x0000000002001550                __aeabi_cdrcmple
                0x000000000200156c                __aeabi_cdcmpeq
                0x000000000200156c                __aeabi_cdcmple
                0x0000000002001584                __aeabi_dcmpeq
                0x000000000200159c                __aeabi_dcmplt
                0x00000000020015b4                __aeabi_dcmple
                0x00000000020015cc                __aeabi_dcmpge
                0x00000000020015e4                __aeabi_dcmpgt
 .text          0x00000000020015fc       0x38 c:/devkitpro/devkitarm/bin/../lib/gcc/arm-none-eabi/10.2.0/thumb\libgcc.a(_arm_unorddf2.o)
                0x00000000020015fc                __unorddf2
                0x00000000020015fc                __aeabi_dcmpun
 .text          0x0000000002001634       0x5c c:/devkitpro/devkitarm/bin/../lib/gcc/arm-none-eabi/10.2.0/thumb\libgcc.a(_arm_fixdfsi.o)
                0x0000000002001634                __aeabi_d2iz
                0x0000000002001634                __fixdfsi
 *(EXCLUDE_FILE(*.twl* *.vectors* *.itcm*) .stub)
 *(EXCLUDE_FILE(*.twl* *.vectors* *.itcm*) .text.*)
 .text.__do_global_dtors_aux
                0x0000000002001690       0x2c c:/devkitpro/devkitarm/bin/../lib/gcc/arm-none-eabi/10.2.0/thumb/crtbegin.o
 .text.frame_dummy
                0x00000000020016bc       0x24 c:/devkitpro/devkitarm/bin/../lib/gcc/arm-none-eabi/10.2.0/thumb/crtbegin.o
 .text.startup  0x00000000020016e0       0x78 main.o
                0x00000000020016e0                main
 .text.SetOrtho
                0x0000000002001758      0x184 C:/devkitPro/libnds/lib\libnds9.a(gl2d.o)
                0x0000000002001758                SetOrtho
 .text.glScreen2D
                0x00000000020018dc      0x540 C:/devkitPro/libnds/lib\libnds9.a(gl2d.o)
                0x00000000020018dc                glScreen2D
 .text.glBegin2D
                0x0000000002001e1c       0x84 C:/devkitPro/libnds/lib\libnds9.a(gl2d.o)
                0x0000000002001e1c                glBegin2D
 .text.glEnd2D  0x0000000002001ea0       0x1c C:/devkitPro/libnds/lib\libnds9.a(gl2d.o)
                0x0000000002001ea0                glEnd2D
 .text.glBoxFilled
                0x0000000002001ebc       0x9c C:/devkitPro/libnds/lib\libnds9.a(gl2d.o)
                0x0000000002001ebc                glBoxFilled
 .text.tanLerp  0x0000000002001f58       0xa4 C:/devkitPro/libnds/lib\libnds9.a(trig.o)
                0x0000000002001f58                tanLerp
 .text.glMaterialf
                0x0000000002001ffc       0x7c C:/devkitPro/libnds/lib\libnds9.a(videoGL.o)
                0x0000000002001ffc                glMaterialf
 .text.vramBlock_init
                0x0000000002002078       0x5c C:/devkitPro/libnds/lib\libnds9.a(videoGL.o)
                0x0000000002002078                vramBlock_init
 .text.glInit_C
                0x00000000020020d4      0x1cc C:/devkitPro/libnds/lib\libnds9.a(videoGL.o)
                0x00000000020020d4                glInit_C
 .text.glBindTexture
                0x00000000020022a0       0x60 C:/devkitPro/libnds/lib\libnds9.a(videoGL.o)
                0x00000000020022a0                glBindTexture
 .text.initSystem
                0x0000000002002300      0x198 C:/devkitPro/libnds/lib\libnds9.a(initSystem.o)
                0x0000000002002300                initSystem
 .text.__libnds_gtod
                0x0000000002002498       0x28 C:/devkitPro/libnds/lib\libnds9.a(timeSupport.o)
                0x0000000002002498                __libnds_gtod
 .text.irqDummy
                0x00000000020024c0        0x4 C:/devkitPro/libnds/lib\libnds9.a(interrupts.o)
                0x00000000020024c0                irqDummy
 .text.irqSet   0x00000000020024c4       0x6c C:/devkitPro/libnds/lib\libnds9.a(interrupts.o)
                0x00000000020024c4                irqSet
 .text.irqInit  0x0000000002002530       0x50 C:/devkitPro/libnds/lib\libnds9.a(interrupts.o)
                0x0000000002002530                irqInit
 .text.irqEnable
                0x0000000002002580       0x64 C:/devkitPro/libnds/lib\libnds9.a(interrupts.o)
                0x0000000002002580                irqEnable
 .text.systemErrorExit
                0x00000000020025e4        0x4 C:/devkitPro/libnds/lib\libnds9.a(libnds_exit.arm.o)
                0x00000000020025e4                systemErrorExit
 .text.__libnds_exit
                0x00000000020025e8       0x5c C:/devkitPro/libnds/lib\libnds9.a(libnds_exit.arm.o)
                0x00000000020025e8                __libnds_exit
 .text.fifo_queueBlock
                0x0000000002002644       0x44 C:/devkitPro/libnds/lib\libnds9.a(fifosystem.o)
 .text.fifo_waitBlock
                0x0000000002002688       0x80 C:/devkitPro/libnds/lib\libnds9.a(fifosystem.o)
 .text.fifoInternalSend.part.0
                0x0000000002002708       0xd4 C:/devkitPro/libnds/lib\libnds9.a(fifosystem.o)
 .text.fifoInternalSendInterrupt
                0x00000000020027dc       0xa8 C:/devkitPro/libnds/lib\libnds9.a(fifosystem.o)
 .text.fifoSetValue32Handler
                0x0000000002002884       0xd8 C:/devkitPro/libnds/lib\libnds9.a(fifosystem.o)
                0x0000000002002884                fifoSetValue32Handler
 .text.fifoSendValue32
                0x000000000200295c       0x4c C:/devkitPro/libnds/lib\libnds9.a(fifosystem.o)
                0x000000000200295c                fifoSendValue32
 .text.fifoGetDatamsg
                0x00000000020029a8       0xf4 C:/devkitPro/libnds/lib\libnds9.a(fifosystem.o)
                0x00000000020029a8                fifoGetDatamsg
 .text.fifoInternalRecvInterrupt
                0x0000000002002a9c      0x380 C:/devkitPro/libnds/lib\libnds9.a(fifosystem.o)
 .text.fifoSetDatamsgHandler
                0x0000000002002e1c       0x9c C:/devkitPro/libnds/lib\libnds9.a(fifosystem.o)
                0x0000000002002e1c                fifoSetDatamsgHandler
 .text.fifoInit
                0x0000000002002eb8       0xf8 C:/devkitPro/libnds/lib\libnds9.a(fifosystem.o)
                0x0000000002002eb8                fifoInit
 .text.__libnds_mpu_setup
                0x0000000002002fb0      0x174 C:/devkitPro/libnds/lib\libnds9.a(mpu_setup.o)
                0x0000000002002fb0                __libnds_mpu_setup
 .text.memUncached
                0x0000000002003124       0x20 C:/devkitPro/libnds/lib\libnds9.a(mpu_setup.o)
                0x0000000002003124                memUncached
 .text.swiWaitForVBlank
                0x0000000002003144        0x8 C:/devkitPro/libnds/lib\libnds9.a(IntrWait.o)
                0x0000000002003144                swiWaitForVBlank
 .text.swiIntrWait
                0x000000000200314c       0x70 C:/devkitPro/libnds/lib\libnds9.a(IntrWait.o)
                0x000000000200314c                swiIntrWait
 .text.setCpuClock
                0x00000000020031bc       0x50 C:/devkitPro/libnds/lib\libnds9.a(cpu_clock.o)
                0x00000000020031bc                setCpuClock
 .text.swiSoftReset
                0x000000000200320c       0x2c C:/devkitPro/libnds/lib\libnds9.a(swiSoftReset.o)
                0x000000000200320c                swiSoftReset
 .text.swiDelay
                0x0000000002003238        0x4 C:/devkitPro/libnds/lib\libnds9.a(biosCalls.o)
                0x0000000002003238                swiDelay
 .text.DynamicArrayInit
                0x000000000200323c       0x18 C:/devkitPro/libnds/lib\libnds9.a(dynamicArray.o)
                0x000000000200323c                DynamicArrayInit
 .text.DynamicArrayGet
                0x0000000002003254       0x18 C:/devkitPro/libnds/lib\libnds9.a(dynamicArray.o)
                0x0000000002003254                DynamicArrayGet
 .text.DynamicArraySet
                0x000000000200326c       0x48 C:/devkitPro/libnds/lib\libnds9.a(dynamicArray.o)
                0x000000000200326c                DynamicArraySet
 .text.vramDefault
                0x00000000020032b4       0xd0 C:/devkitPro/libnds/lib\libnds9.a(video.o)
                0x00000000020032b4                vramDefault
 .text.systemValueHandler
                0x0000000002003384       0x48 C:/devkitPro/libnds/lib\libnds9.a(system.o)
                0x0000000002003384                systemValueHandler
 .text.systemMsgHandler
                0x00000000020033cc       0x60 C:/devkitPro/libnds/lib\libnds9.a(system.o)
                0x00000000020033cc                systemMsgHandler
 .text.powerOn  0x000000000200342c       0x2c C:/devkitPro/libnds/lib\libnds9.a(system.o)
                0x000000000200342c                powerOn
 .text.sqrt     0x0000000002003458       0x64 c:/devkitpro/devkitarm/bin/../lib/gcc/arm-none-eabi/10.2.0/../../../../arm-none-eabi/lib/thumb\libm.a(lib_a-w_sqrt.o)
                0x0000000002003458                sqrt
 .text.__ieee754_sqrt
                0x00000000020034bc      0x1a4 c:/devkitpro/devkitarm/bin/../lib/gcc/arm-none-eabi/10.2.0/../../../../arm-none-eabi/lib/thumb\libm.a(lib_a-e_sqrt.o)
                0x00000000020034bc                __ieee754_sqrt
 .text.__muldi3
                0x0000000002003660       0x54 c:/devkitpro/devkitarm/bin/../lib/gcc/arm-none-eabi/10.2.0/thumb\libgcc.a(_muldi3.o)
                0x0000000002003660                __muldi3
                0x0000000002003660                __aeabi_lmul
 .text.calloc   0x00000000020036b4       0x18 c:/devkitpro/devkitarm/bin/../lib/gcc/arm-none-eabi/10.2.0/../../../../arm-none-eabi/lib/thumb\libg.a(lib_a-calloc.o)
                0x00000000020036b4                calloc
 .text._calloc_r
                0x00000000020036cc       0x60 c:/devkitpro/devkitarm/bin/../lib/gcc/arm-none-eabi/10.2.0/../../../../arm-none-eabi/lib/thumb\libg.a(lib_a-callocr.o)
                0x00000000020036cc                _calloc_r
 .text.__errno  0x000000000200372c        0xc c:/devkitpro/devkitarm/bin/../lib/gcc/arm-none-eabi/10.2.0/../../../../arm-none-eabi/lib/thumb\libg.a(lib_a-errno.o)
                0x000000000200372c                __errno
 .text.__libc_init_array
                0x0000000002003738       0x50 c:/devkitpro/devkitarm/bin/../lib/gcc/arm-none-eabi/10.2.0/../../../../arm-none-eabi/lib/thumb\libg.a(lib_a-init.o)
                0x0000000002003738                __libc_init_array
 .text.malloc   0x0000000002003788       0x14 c:/devkitpro/devkitarm/bin/../lib/gcc/arm-none-eabi/10.2.0/../../../../arm-none-eabi/lib/thumb\libg.a(lib_a-malloc.o)
                0x0000000002003788                malloc
 .text._malloc_r
                0x000000000200379c      0x59c c:/devkitpro/devkitarm/bin/../lib/gcc/arm-none-eabi/10.2.0/../../../../arm-none-eabi/lib/thumb\libg.a(lib_a-mallocr.o)
                0x000000000200379c                _malloc_r
 .text.memcpy   0x0000000002003d38       0xa8 c:/devkitpro/devkitarm/bin/../lib/gcc/arm-none-eabi/10.2.0/../../../../arm-none-eabi/lib/thumb\libg.a(lib_a-memcpy-stub.o)
                0x0000000002003d38                memcpy
 .text.memset   0x0000000002003de0       0xb0 c:/devkitpro/devkitarm/bin/../lib/gcc/arm-none-eabi/10.2.0/../../../../arm-none-eabi/lib/thumb\libg.a(lib_a-memset.o)
                0x0000000002003de0                memset
 .text.__malloc_lock
                0x0000000002003e90       0x14 c:/devkitpro/devkitarm/bin/../lib/gcc/arm-none-eabi/10.2.0/../../../../arm-none-eabi/lib/thumb\libg.a(lib_a-mlock.o)
                0x0000000002003e90                __malloc_lock
 .text.__malloc_unlock
                0x0000000002003ea4       0x14 c:/devkitpro/devkitarm/bin/../lib/gcc/arm-none-eabi/10.2.0/../../../../arm-none-eabi/lib/thumb\libg.a(lib_a-mlock.o)
                0x0000000002003ea4                __malloc_unlock
 .text.realloc  0x0000000002003eb8       0x18 c:/devkitpro/devkitarm/bin/../lib/gcc/arm-none-eabi/10.2.0/../../../../arm-none-eabi/lib/thumb\libg.a(lib_a-realloc.o)
                0x0000000002003eb8                realloc
 .text._realloc_r
                0x0000000002003ed0      0x38c c:/devkitpro/devkitarm/bin/../lib/gcc/arm-none-eabi/10.2.0/../../../../arm-none-eabi/lib/thumb\libg.a(lib_a-reallocr.o)
                0x0000000002003ed0                _realloc_r
 .text._malloc_trim_r
                0x000000000200425c       0xa0 c:/devkitpro/devkitarm/bin/../lib/gcc/arm-none-eabi/10.2.0/../../../../arm-none-eabi/lib/thumb\libg.a(lib_a-freer.o)
                0x000000000200425c                _malloc_trim_r
 .text._free_r  0x00000000020042fc      0x1e0 c:/devkitpro/devkitarm/bin/../lib/gcc/arm-none-eabi/10.2.0/../../../../arm-none-eabi/lib/thumb\libg.a(lib_a-freer.o)
                0x00000000020042fc                _free_r
 .text.memmove  0x00000000020044dc       0xbc c:/devkitpro/devkitarm/bin/../lib/gcc/arm-none-eabi/10.2.0/../../../../arm-none-eabi/lib/thumb\libg.a(lib_a-memmove.o)
                0x00000000020044dc                memmove
 .text._sbrk_r  0x0000000002004598       0x54 c:/devkitpro/devkitarm/bin/../lib/gcc/arm-none-eabi/10.2.0/../../../../arm-none-eabi/lib/thumb\libsysbase.a(sbrk.o)
                0x0000000002004598                _sbrk_r
 .text.build_argv
                0x00000000020045ec       0x4c c:/devkitpro/devkitarm/bin/../lib/gcc/arm-none-eabi/10.2.0/../../../../arm-none-eabi/lib/thumb\libsysbase.a(build_argv.o)
                0x00000000020045ec                build_argv
 .text.__libc_lock_acquire_recursive
                0x0000000002004638       0x1c c:/devkitpro/devkitarm/bin/../lib/gcc/arm-none-eabi/10.2.0/../../../../arm-none-eabi/lib/thumb\libsysbase.a(syscall_support.o)
                0x0000000002004638                __libc_lock_acquire_recursive
 .text.__libc_lock_release_recursive
                0x0000000002004654       0x1c c:/devkitpro/devkitarm/bin/../lib/gcc/arm-none-eabi/10.2.0/../../../../arm-none-eabi/lib/thumb\libsysbase.a(syscall_support.o)
                0x0000000002004654                __libc_lock_release_recursive
 .text.__getreent
                0x0000000002004670       0x28 c:/devkitpro/devkitarm/bin/../lib/gcc/arm-none-eabi/10.2.0/../../../../arm-none-eabi/lib/thumb\libsysbase.a(getreent.o)
                0x0000000002004670                __getreent
 .text.__getreent.__stub
                0x0000000002004698       0x74 linker stubs
 *(EXCLUDE_FILE(*.twl*) .gnu.warning)
 *(EXCLUDE_FILE(*.twl*) .gnu.linkonce.t*)
 *(.glue_7)
 .glue_7        0x0000000002004710        0x0 linker stubs
 *(.glue_7t)
 .glue_7t       0x0000000002004710        0x0 linker stubs
                0x0000000002004710                . = ALIGN (0x4)

.vfp11_veneer   0x0000000002004710        0x0
 .vfp11_veneer  0x0000000002004710        0x0 linker stubs

.v4_bx          0x0000000002004710        0x0
 .v4_bx         0x0000000002004710        0x0 linker stubs

.iplt           0x0000000002004710        0x0
 .iplt          0x0000000002004710        0x0 c:/devkitpro/devkitarm/bin/../lib/gcc/arm-none-eabi/10.2.0/../../../../arm-none-eabi/lib/thumb/ds_arm9_crt0.o

.fini           0x0000000002004710        0xc
 *(.fini)
 .fini          0x0000000002004710        0x4 c:/devkitpro/devkitarm/bin/../lib/gcc/arm-none-eabi/10.2.0/thumb/crti.o
                0x0000000002004710                _fini
 .fini          0x0000000002004714        0x8 c:/devkitpro/devkitarm/bin/../lib/gcc/arm-none-eabi/10.2.0/thumb/crtn.o
                0x000000000200471c                __text_end = .

.rodata         0x000000000200471c      0x248
 *(EXCLUDE_FILE(*.twl*) .rodata)
 *all.rodata*(*)
 *(EXCLUDE_FILE(*.twl*) .roda)
 *(EXCLUDE_FILE(*.twl*) .rodata.*)
 .rodata.TAN_LUT
                0x000000000200471c      0x204 C:/devkitPro/libnds/lib\libnds9.a(trig.o)
                0x000000000200471c                TAN_LUT
 .rodata.glMaterialf
                0x0000000002004920       0x44 C:/devkitPro/libnds/lib\libnds9.a(videoGL.o)
 *(EXCLUDE_FILE(*.twl*) .gnu.linkonce.r*)
                0x0000000002004964                . = ALIGN (0x4)

.ARM.extab
 *(.ARM.extab* .gnu.linkonce.armextab.*)
                0x0000000002004964                __exidx_start = .

ARM.exidx
 *(.ARM.exidx* .gnu.linkonce.armexidx.*)
                0x0000000002004964                __exidx_end = .
                0x0000000002004964                . = ALIGN (0x4)
                0x0000000002004964                PROVIDE (__preinit_array_start = .)

.preinit_array
 *(.preinit_array)
                0x0000000002004964                PROVIDE (__preinit_array_end = .)
                0x0000000002004964                PROVIDE (__init_array_start = .)

.init_array     0x0000000002004964        0x4
 *(SORT_BY_NAME(.init_array.*))
 *(.init_array)
 .init_array    0x0000000002004964        0x4 c:/devkitpro/devkitarm/bin/../lib/gcc/arm-none-eabi/10.2.0/thumb/crtbegin.o
                0x0000000002004968                PROVIDE (__init_array_end = .)
                [!provide]                        PROVIDE (__fini_array_start = .)

.fini_array     0x0000000002004968        0x4
 *(.fini_array)
 .fini_array    0x0000000002004968        0x4 c:/devkitpro/devkitarm/bin/../lib/gcc/arm-none-eabi/10.2.0/thumb/crtbegin.o
 *(SORT_BY_NAME(.fini_array.*))
                [!provide]                        PROVIDE (__fini_array_end = .)

.ctors          0x000000000200496c        0x0
 *crtbegin.o(.ctors)
 *(EXCLUDE_FILE(*crtend.o) .ctors)
 *(SORT_BY_NAME(.ctors.*))
 *(.ctors)
                0x000000000200496c                . = ALIGN (0x4)

.dtors          0x000000000200496c        0x0
 *crtbegin.o(.dtors)
 *(EXCLUDE_FILE(*crtend.o) .dtors)
 *(SORT_BY_NAME(.dtors.*))
 *(.dtors)
                0x000000000200496c                . = ALIGN (0x4)

.eh_frame       0x000000000200496c        0x4
 *(.eh_frame)
 .eh_frame      0x000000000200496c        0x0 c:/devkitpro/devkitarm/bin/../lib/gcc/arm-none-eabi/10.2.0/thumb/crtbegin.o
 .eh_frame      0x000000000200496c        0x4 c:/devkitpro/devkitarm/bin/../lib/gcc/arm-none-eabi/10.2.0/thumb/crtend.o
                0x0000000002004970                . = ALIGN (0x4)

.rel.dyn        0x0000000002004970        0x0
 .rel.iplt      0x0000000002004970        0x0 c:/devkitpro/devkitarm/bin/../lib/gcc/arm-none-eabi/10.2.0/../../../../arm-none-eabi/lib/thumb/ds_arm9_crt0.o

.gcc_except_table
                0x0000000002004970        0x0
 *(.gcc_except_table)
                0x0000000002004970                . = ALIGN (0x4)

.jcr
 *(.jcr)

.got
 *(.got.plt)
 *(.got)
 *(.rel.got)

.ewram          0x0000000002004970        0x0
                0x0000000002004970                __ewram_start = ABSOLUTE (.)
 *(.ewram)
 *ewram.*(.text)
                0x0000000002004970                . = ALIGN (0x4)

.data           0x0000000002004970      0x8c0
                0x0000000002004970                __data_start = ABSOLUTE (.)
 *(EXCLUDE_FILE(*.twl*) .data)
 .data          0x0000000002004970       0x28 C:/devkitPro/libnds/lib\libnds9.a(mpu_setup.o)
 *(EXCLUDE_FILE(*.twl*) .data.*)
 .data.glGlob   0x0000000002004998        0x4 C:/devkitPro/libnds/lib\libnds9.a(videoGL.o)
 .data.fifo_buffer_free
                0x000000000200499c        0x4 C:/devkitPro/libnds/lib\libnds9.a(fifosystem.o)
                0x000000000200499c                fifo_buffer_free
 .data.fifo_freewords
                0x00000000020049a0        0x4 C:/devkitPro/libnds/lib\libnds9.a(fifosystem.o)
                0x00000000020049a0                fifo_freewords
 .data.fifo_receive_queue
                0x00000000020049a4        0x4 C:/devkitPro/libnds/lib\libnds9.a(fifosystem.o)
                0x00000000020049a4                fifo_receive_queue
 .data.fifo_send_queue
                0x00000000020049a8        0x4 C:/devkitPro/libnds/lib\libnds9.a(fifosystem.o)
                0x00000000020049a8                fifo_send_queue
 .data.__fdlib_version
                0x00000000020049ac        0x1 c:/devkitpro/devkitarm/bin/../lib/gcc/arm-none-eabi/10.2.0/../../../../arm-none-eabi/lib/thumb\libm.a(lib_a-s_lib_ver.o)
                0x00000000020049ac                __fdlib_version
 *fill*         0x00000000020049ad        0x3 ff
 .data.__malloc_av_
                0x00000000020049b0      0x408 c:/devkitpro/devkitarm/bin/../lib/gcc/arm-none-eabi/10.2.0/../../../../arm-none-eabi/lib/thumb\libg.a(lib_a-mallocr.o)
                0x00000000020049b0                __malloc_av_
 .data.__malloc_sbrk_base
                0x0000000002004db8        0x4 c:/devkitpro/devkitarm/bin/../lib/gcc/arm-none-eabi/10.2.0/../../../../arm-none-eabi/lib/thumb\libg.a(lib_a-mallocr.o)
                0x0000000002004db8                __malloc_sbrk_base
 .data.__malloc_trim_threshold
                0x0000000002004dbc        0x4 c:/devkitpro/devkitarm/bin/../lib/gcc/arm-none-eabi/10.2.0/../../../../arm-none-eabi/lib/thumb\libg.a(lib_a-mallocr.o)
                0x0000000002004dbc                __malloc_trim_threshold
 .data.__malloc_recursive_mutex
                0x0000000002004dc0        0xc c:/devkitpro/devkitarm/bin/../lib/gcc/arm-none-eabi/10.2.0/../../../../arm-none-eabi/lib/thumb\libg.a(lib_a-mlock.o)
 .data._impure_ptr
                0x0000000002004dcc        0x4 c:/devkitpro/devkitarm/bin/../lib/gcc/arm-none-eabi/10.2.0/../../../../arm-none-eabi/lib/thumb\libg.a(lib_a-impure.o)
                0x0000000002004dcc                _impure_ptr
 *fill*         0x0000000002004dd0        0x0 ff
 .data.impure_data
                0x0000000002004dd0      0x460 c:/devkitpro/devkitarm/bin/../lib/gcc/arm-none-eabi/10.2.0/../../../../arm-none-eabi/lib/thumb\libg.a(lib_a-impure.o)
 *(EXCLUDE_FILE(*.twl*) .gnu.linkonce.d*)
                0x0000000002005230                . = ALIGN (0x4)
                0x0000000002005230                __data_end = ABSOLUTE (.)
                0x0000000002005230                __bss_vma = .

.igot.plt       0x0000000002005230        0x0
 .igot.plt      0x0000000002005230        0x0 c:/devkitpro/devkitarm/bin/../lib/gcc/arm-none-eabi/10.2.0/../../../../arm-none-eabi/lib/thumb/ds_arm9_crt0.o

.dtcm           0x0000000002ff0000        0x0 load address 0x0000000002005230
                0x0000000002005230                __dtcm_lma = LOADADDR (.dtcm)
                0x0000000002ff0000                __dtcm_start = ABSOLUTE (.)
 *(.dtcm)
 *(.dtcm.*)
                0x0000000002ff0000                . = ALIGN (0x4)
                0x0000000002ff0000                __dtcm_end = ABSOLUTE (.)

.itcm           0x0000000001000100      0x194 load address 0x0000000002005230
                0x0000000002005230                __itcm_lma = LOADADDR (.itcm)
                0x0000000001000100                __itcm_start = ABSOLUTE (.)
 *(.itcm)
 .itcm          0x0000000001000100       0xc8 C:/devkitPro/libnds/lib\libnds9.a(interrupts.o)
                0x0000000001000100                irqTable
 .itcm          0x00000000010001c8       0xcc C:/devkitPro/libnds/lib\libnds9.a(interruptDispatcher.o)
                0x00000000010001c8                IntrMain
 *.itcm*(.text .stub .text.*)
                0x0000000001000294                . = ALIGN (0x4)
                0x0000000001000294                __itcm_end = ABSOLUTE (.)

.vectors        0x0000000001000000        0x0 load address 0x00000000020053c4
                0x00000000020053c4                __vectors_lma = LOADADDR (.vectors)
                0x0000000001000000                __vectors_start = ABSOLUTE (.)
 *(.vectors .vectors.*)
                0x0000000001000000                . = ALIGN (0x4)
                0x0000000001000000                __vectors_end = ABSOLUTE (.)

.sbss           0x0000000002ff0000        0x0
                0x0000000002ff0000                __sbss_start = ABSOLUTE (.)
                0x0000000002ff0000                __sbss_start__ = ABSOLUTE (.)
 *(.sbss)
                0x0000000002ff0000                . = ALIGN (0x4)
                0x0000000002ff0000                __sbss_end = ABSOLUTE (.)

.bss            0x0000000002005230      0xb58
                0x0000000002005230                __bss_start = ABSOLUTE (.)
                0x0000000002005230                __bss_start__ = ABSOLUTE (.)
 *(EXCLUDE_FILE(*.twl*) .dynbss)
 *(EXCLUDE_FILE(*.twl*) .gnu.linkonce.b*)
 *(EXCLUDE_FILE(*.twl*) .bss*)
 .bss.completed.1
                0x0000000002005230        0x1 c:/devkitpro/devkitarm/bin/../lib/gcc/arm-none-eabi/10.2.0/thumb/crtbegin.o
 *fill*         0x0000000002005231        0x3 
 .bss.object.0  0x0000000002005234       0x18 c:/devkitpro/devkitarm/bin/../lib/gcc/arm-none-eabi/10.2.0/thumb/crtbegin.o
 .bss.gCurrentTexture
                0x000000000200524c        0x4 C:/devkitPro/libnds/lib\libnds9.a(gl2d.o)
                0x000000000200524c                gCurrentTexture
 .bss.g_depth   0x0000000002005250        0x2 C:/devkitPro/libnds/lib\libnds9.a(gl2d.o)
 *fill*         0x0000000002005252        0x2 
 .bss.diffuse_ambient.1
                0x0000000002005254        0x4 C:/devkitPro/libnds/lib\libnds9.a(videoGL.o)
 .bss.glGlobalData
                0x0000000002005258       0x54 C:/devkitPro/libnds/lib\libnds9.a(videoGL.o)
                0x0000000002005258                glGlobalData
 .bss.specular_emission.0
                0x00000000020052ac        0x4 C:/devkitPro/libnds/lib\libnds9.a(videoGL.o)
 .bss.__dsimode
                0x00000000020052b0        0x1 C:/devkitPro/libnds/lib\libnds9.a(initSystem.o)
                0x00000000020052b0                __dsimode
 *fill*         0x00000000020052b1        0x3 
 .bss.punixTime
                0x00000000020052b4        0x4 C:/devkitPro/libnds/lib\libnds9.a(timeSupport.o)
                0x00000000020052b4                punixTime
 .bss.fifo_address_data
                0x00000000020052b8       0x40 C:/devkitPro/libnds/lib\libnds9.a(fifosystem.o)
                0x00000000020052b8                fifo_address_data
 .bss.fifo_address_func
                0x00000000020052f8       0x40 C:/devkitPro/libnds/lib\libnds9.a(fifosystem.o)
                0x00000000020052f8                fifo_address_func
 .bss.fifo_address_queue
                0x0000000002005338       0x40 C:/devkitPro/libnds/lib\libnds9.a(fifosystem.o)
                0x0000000002005338                fifo_address_queue
 .bss.fifo_buffer
                0x0000000002005378      0x800 C:/devkitPro/libnds/lib\libnds9.a(fifosystem.o)
                0x0000000002005378                fifo_buffer
 .bss.fifo_data_queue
                0x0000000002005b78       0x40 C:/devkitPro/libnds/lib\libnds9.a(fifosystem.o)
                0x0000000002005b78                fifo_data_queue
 .bss.fifo_datamsg_data
                0x0000000002005bb8       0x40 C:/devkitPro/libnds/lib\libnds9.a(fifosystem.o)
                0x0000000002005bb8                fifo_datamsg_data
 .bss.fifo_datamsg_func
                0x0000000002005bf8       0x40 C:/devkitPro/libnds/lib\libnds9.a(fifosystem.o)
                0x0000000002005bf8                fifo_datamsg_func
 .bss.fifo_value32_data
                0x0000000002005c38       0x40 C:/devkitPro/libnds/lib\libnds9.a(fifosystem.o)
                0x0000000002005c38                fifo_value32_data
 .bss.fifo_value32_func
                0x0000000002005c78       0x40 C:/devkitPro/libnds/lib\libnds9.a(fifosystem.o)
                0x0000000002005c78                fifo_value32_func
 .bss.fifo_value32_queue
                0x0000000002005cb8       0x40 C:/devkitPro/libnds/lib\libnds9.a(fifosystem.o)
                0x0000000002005cb8                fifo_value32_queue
 .bss.processing
                0x0000000002005cf8        0x4 C:/devkitPro/libnds/lib\libnds9.a(fifosystem.o)
                0x0000000002005cf8                processing
 .bss.SDcallback
                0x0000000002005cfc        0x4 C:/devkitPro/libnds/lib\libnds9.a(system.o)
 .bss.__malloc_current_mallinfo
                0x0000000002005d00       0x28 c:/devkitpro/devkitarm/bin/../lib/gcc/arm-none-eabi/10.2.0/../../../../arm-none-eabi/lib/thumb\libg.a(lib_a-mallocr.o)
                0x0000000002005d00                __malloc_current_mallinfo
 .bss.__malloc_max_sbrked_mem
                0x0000000002005d28        0x4 c:/devkitpro/devkitarm/bin/../lib/gcc/arm-none-eabi/10.2.0/../../../../arm-none-eabi/lib/thumb\libg.a(lib_a-mallocr.o)
                0x0000000002005d28                __malloc_max_sbrked_mem
 .bss.__malloc_max_total_mem
                0x0000000002005d2c        0x4 c:/devkitpro/devkitarm/bin/../lib/gcc/arm-none-eabi/10.2.0/../../../../arm-none-eabi/lib/thumb\libg.a(lib_a-mallocr.o)
                0x0000000002005d2c                __malloc_max_total_mem
 .bss.__malloc_top_pad
                0x0000000002005d30        0x4 c:/devkitpro/devkitarm/bin/../lib/gcc/arm-none-eabi/10.2.0/../../../../arm-none-eabi/lib/thumb\libg.a(lib_a-mallocr.o)
                0x0000000002005d30                __malloc_top_pad
 .bss.heap_start.0
                0x0000000002005d34        0x4 c:/devkitpro/devkitarm/bin/../lib/gcc/arm-none-eabi/10.2.0/../../../../arm-none-eabi/lib/thumb\libsysbase.a(sbrk.o)
 .bss.fake_heap_end
                0x0000000002005d38        0x4 c:/devkitpro/devkitarm/bin/../lib/gcc/arm-none-eabi/10.2.0/../../../../arm-none-eabi/lib/thumb\libsysbase.a(malloc_vars.o)
                0x0000000002005d38                fake_heap_end
 .bss.fake_heap_start
                0x0000000002005d3c        0x4 c:/devkitpro/devkitarm/bin/../lib/gcc/arm-none-eabi/10.2.0/../../../../arm-none-eabi/lib/thumb\libsysbase.a(malloc_vars.o)
                0x0000000002005d3c                fake_heap_start
 .bss.__syscalls
                0x0000000002005d40       0x48 c:/devkitpro/devkitarm/bin/../lib/gcc/arm-none-eabi/10.2.0/../../../../arm-none-eabi/lib/thumb\libsysbase.a(syscall_support.o)
                0x0000000002005d40                __syscalls
 *(EXCLUDE_FILE(*.twl*) COMMON)
                0x0000000002005d88                . = ALIGN (0x4)
                0x0000000002005d88                __bss_end__ = ABSOLUTE (.)
                0x0000000002005d88                __end__ = ABSOLUTE (.)

.twl            0x0000000002005d88        0x0 load address 0x0000000002400000
                0x0000000002400000                __arm9i_lma__ = LOADADDR (.twl)
                0x0000000002005d88                __arm9i_start__ = ABSOLUTE (.)
 *(.twl)
 *.twl*(.text .stub .text.* .gnu.linkonce.t.*)
 *.twl*(.rodata)
 *.twl*(.roda)
 *.twl*(.rodata.*)
 *.twl*(.data)
 *.twl*(.data.*)
 *.twl*(.gnu.linkonce.d*)
                0x0000000002005d88                __arm9i_end__ = ABSOLUTE (.)

.twl_bss        0x0000000002005d88        0x0
                0x0000000002005d88                __twl_bss_start__ = ABSOLUTE (.)
 *(.twl_bss)
 *.twl*(.dynbss)
 *.twl*(.gnu.linkonce.b*)
 *.twl*(.bss*)
 *.twl*(COMMON)
                0x0000000002005d88                . = ALIGN (0x4)
                0x0000000002005d88                __twl_bss_end__ = ABSOLUTE (.)
                0x0000000002005d88                __twl_end__ = ABSOLUTE (.)

.stab
 *(.stab)

.stabstr
 *(.stabstr)

.stab.excl
 *(.stab.excl)

.stab.exclstr
 *(.stab.exclstr)

.stab.index
 *(.stab.index)

.stab.indexstr
 *(.stab.indexstr)

.comment        0x0000000000000000       0x23
 *(.comment)
 .comment       0x0000000000000000       0x23 c:/devkitpro/devkitarm/bin/../lib/gcc/arm-none-eabi/10.2.0/thumb/crtbegin.o
                                         0x24 (size before relaxing)
 .comment       0x0000000000000023       0x24 main.o
 .comment       0x0000000000000023       0x24 C:/devkitPro/libnds/lib\libnds9.a(gl2d.o)
 .comment       0x0000000000000023       0x24 C:/devkitPro/libnds/lib\libnds9.a(trig.o)
 .comment       0x0000000000000023       0x24 C:/devkitPro/libnds/lib\libnds9.a(videoGL.o)
 .comment       0x0000000000000023       0x24 C:/devkitPro/libnds/lib\libnds9.a(initSystem.o)
 .comment       0x0000000000000023       0x24 C:/devkitPro/libnds/lib\libnds9.a(timeSupport.o)
 .comment       0x0000000000000023       0x24 C:/devkitPro/libnds/lib\libnds9.a(securearea.o)
 .comment       0x0000000000000023       0x24 C:/devkitPro/libnds/lib\libnds9.a(interrupts.o)
 .comment       0x0000000000000023       0x24 C:/devkitPro/libnds/lib\libnds9.a(libnds_exit.arm.o)
 .comment       0x0000000000000023       0x24 C:/devkitPro/libnds/lib\libnds9.a(fifosystem.o)
 .comment       0x0000000000000023       0x24 C:/devkitPro/libnds/lib\libnds9.a(dynamicArray.o)
 .comment       0x0000000000000023       0x24 C:/devkitPro/libnds/lib\libnds9.a(video.o)
 .comment       0x0000000000000023       0x24 C:/devkitPro/libnds/lib\libnds9.a(system.o)
 .comment       0x0000000000000023       0x24 c:/devkitpro/devkitarm/bin/../lib/gcc/arm-none-eabi/10.2.0/../../../../arm-none-eabi/lib/thumb\libm.a(lib_a-w_sqrt.o)
 .comment       0x0000000000000023       0x24 c:/devkitpro/devkitarm/bin/../lib/gcc/arm-none-eabi/10.2.0/../../../../arm-none-eabi/lib/thumb\libm.a(lib_a-e_sqrt.o)
 .comment       0x0000000000000023       0x24 c:/devkitpro/devkitarm/bin/../lib/gcc/arm-none-eabi/10.2.0/../../../../arm-none-eabi/lib/thumb\libm.a(lib_a-s_lib_ver.o)
 .comment       0x0000000000000023       0x24 c:/devkitpro/devkitarm/bin/../lib/gcc/arm-none-eabi/10.2.0/thumb\libgcc.a(_muldi3.o)
 .comment       0x0000000000000023       0x24 c:/devkitpro/devkitarm/bin/../lib/gcc/arm-none-eabi/10.2.0/../../../../arm-none-eabi/lib/thumb\libg.a(lib_a-calloc.o)
 .comment       0x0000000000000023       0x24 c:/devkitpro/devkitarm/bin/../lib/gcc/arm-none-eabi/10.2.0/../../../../arm-none-eabi/lib/thumb\libg.a(lib_a-callocr.o)
 .comment       0x0000000000000023       0x24 c:/devkitpro/devkitarm/bin/../lib/gcc/arm-none-eabi/10.2.0/../../../../arm-none-eabi/lib/thumb\libg.a(lib_a-errno.o)
 .comment       0x0000000000000023       0x24 c:/devkitpro/devkitarm/bin/../lib/gcc/arm-none-eabi/10.2.0/../../../../arm-none-eabi/lib/thumb\libg.a(lib_a-init.o)
 .comment       0x0000000000000023       0x24 c:/devkitpro/devkitarm/bin/../lib/gcc/arm-none-eabi/10.2.0/../../../../arm-none-eabi/lib/thumb\libg.a(lib_a-malloc.o)
 .comment       0x0000000000000023       0x24 c:/devkitpro/devkitarm/bin/../lib/gcc/arm-none-eabi/10.2.0/../../../../arm-none-eabi/lib/thumb\libg.a(lib_a-mallocr.o)
 .comment       0x0000000000000023       0x24 c:/devkitpro/devkitarm/bin/../lib/gcc/arm-none-eabi/10.2.0/../../../../arm-none-eabi/lib/thumb\libg.a(lib_a-memcpy-stub.o)
 .comment       0x0000000000000023       0x24 c:/devkitpro/devkitarm/bin/../lib/gcc/arm-none-eabi/10.2.0/../../../../arm-none-eabi/lib/thumb\libg.a(lib_a-memset.o)
 .comment       0x0000000000000023       0x24 c:/devkitpro/devkitarm/bin/../lib/gcc/arm-none-eabi/10.2.0/../../../../arm-none-eabi/lib/thumb\libg.a(lib_a-mlock.o)
 .comment       0x0000000000000023       0x24 c:/devkitpro/devkitarm/bin/../lib/gcc/arm-none-eabi/10.2.0/../../../../arm-none-eabi/lib/thumb\libg.a(lib_a-realloc.o)
 .comment       0x0000000000000023       0x24 c:/devkitpro/devkitarm/bin/../lib/gcc/arm-none-eabi/10.2.0/../../../../arm-none-eabi/lib/thumb\libg.a(lib_a-reallocr.o)
 .comment       0x0000000000000023       0x24 c:/devkitpro/devkitarm/bin/../lib/gcc/arm-none-eabi/10.2.0/../../../../arm-none-eabi/lib/thumb\libg.a(lib_a-freer.o)
 .comment       0x0000000000000023       0x24 c:/devkitpro/devkitarm/bin/../lib/gcc/arm-none-eabi/10.2.0/../../../../arm-none-eabi/lib/thumb\libg.a(lib_a-memmove.o)
 .comment       0x0000000000000023       0x24 c:/devkitpro/devkitarm/bin/../lib/gcc/arm-none-eabi/10.2.0/../../../../arm-none-eabi/lib/thumb\libsysbase.a(sbrk.o)
 .comment       0x0000000000000023       0x24 c:/devkitpro/devkitarm/bin/../lib/gcc/arm-none-eabi/10.2.0/../../../../arm-none-eabi/lib/thumb\libsysbase.a(malloc_vars.o)
 .comment       0x0000000000000023       0x24 c:/devkitpro/devkitarm/bin/../lib/gcc/arm-none-eabi/10.2.0/../../../../arm-none-eabi/lib/thumb\libsysbase.a(build_argv.o)
 .comment       0x0000000000000023       0x24 c:/devkitpro/devkitarm/bin/../lib/gcc/arm-none-eabi/10.2.0/../../../../arm-none-eabi/lib/thumb\libsysbase.a(syscall_support.o)
 .comment       0x0000000000000023       0x24 c:/devkitpro/devkitarm/bin/../lib/gcc/arm-none-eabi/10.2.0/../../../../arm-none-eabi/lib/thumb\libsysbase.a(getreent.o)
 .comment       0x0000000000000023       0x24 c:/devkitpro/devkitarm/bin/../lib/gcc/arm-none-eabi/10.2.0/../../../../arm-none-eabi/lib/thumb\libg.a(lib_a-impure.o)
 .comment       0x0000000000000023       0x24 c:/devkitpro/devkitarm/bin/../lib/gcc/arm-none-eabi/10.2.0/thumb/crtend.o

.ARM.attributes
                0x0000000000000000       0x2d
 .ARM.attributes
                0x0000000000000000       0x21 c:/devkitpro/devkitarm/bin/../lib/gcc/arm-none-eabi/10.2.0/../../../../arm-none-eabi/lib/thumb/ds_arm9_crt0.o
 .ARM.attributes
                0x0000000000000021       0x1c c:/devkitpro/devkitarm/bin/../lib/gcc/arm-none-eabi/10.2.0/thumb/crti.o
 .ARM.attributes
                0x000000000000003d       0x2a c:/devkitpro/devkitarm/bin/../lib/gcc/arm-none-eabi/10.2.0/thumb/crtbegin.o
 .ARM.attributes
                0x0000000000000067       0x27 main.o
 .ARM.attributes
                0x000000000000008e       0x2b C:/devkitPro/libnds/lib\libnds9.a(gl2d.o)
 .ARM.attributes
                0x00000000000000b9       0x2b C:/devkitPro/libnds/lib\libnds9.a(trig.o)
 .ARM.attributes
                0x00000000000000e4       0x2b C:/devkitPro/libnds/lib\libnds9.a(videoGL.o)
 .ARM.attributes
                0x000000000000010f       0x2b C:/devkitPro/libnds/lib\libnds9.a(initSystem.o)
 .ARM.attributes
                0x000000000000013a       0x2b C:/devkitPro/libnds/lib\libnds9.a(timeSupport.o)
 .ARM.attributes
                0x0000000000000165       0x2b C:/devkitPro/libnds/lib\libnds9.a(securearea.o)
 .ARM.attributes
                0x0000000000000190       0x2b C:/devkitPro/libnds/lib\libnds9.a(interrupts.o)
 .ARM.attributes
                0x00000000000001bb       0x2b C:/devkitPro/libnds/lib\libnds9.a(libnds_exit.arm.o)
 .ARM.attributes
                0x00000000000001e6       0x2b C:/devkitPro/libnds/lib\libnds9.a(fifosystem.o)
 .ARM.attributes
                0x0000000000000211       0x21 C:/devkitPro/libnds/lib\libnds9.a(mpu_setup.o)
 .ARM.attributes
                0x0000000000000232       0x21 C:/devkitPro/libnds/lib\libnds9.a(IntrWait.o)
 .ARM.attributes
                0x0000000000000253       0x21 C:/devkitPro/libnds/lib\libnds9.a(cpu_clock.o)
 .ARM.attributes
                0x0000000000000274       0x1b C:/devkitPro/libnds/lib\libnds9.a(interruptDispatcher.o)
 .ARM.attributes
                0x000000000000028f       0x21 C:/devkitPro/libnds/lib\libnds9.a(swiSoftReset.o)
 .ARM.attributes
                0x00000000000002b0       0x1b C:/devkitPro/libnds/lib\libnds9.a(biosCalls.o)
 .ARM.attributes
                0x00000000000002cb       0x2b C:/devkitPro/libnds/lib\libnds9.a(dynamicArray.o)
 .ARM.attributes
                0x00000000000002f6       0x2b C:/devkitPro/libnds/lib\libnds9.a(video.o)
 .ARM.attributes
                0x0000000000000321       0x2b C:/devkitPro/libnds/lib\libnds9.a(system.o)
 .ARM.attributes
                0x000000000000034c       0x2a c:/devkitpro/devkitarm/bin/../lib/gcc/arm-none-eabi/10.2.0/../../../../arm-none-eabi/lib/thumb\libm.a(lib_a-w_sqrt.o)
 .ARM.attributes
                0x0000000000000376       0x2a c:/devkitpro/devkitarm/bin/../lib/gcc/arm-none-eabi/10.2.0/../../../../arm-none-eabi/lib/thumb\libm.a(lib_a-e_sqrt.o)
 .ARM.attributes
                0x00000000000003a0       0x30 c:/devkitpro/devkitarm/bin/../lib/gcc/arm-none-eabi/10.2.0/../../../../arm-none-eabi/lib/thumb\libm.a(lib_a-s_lib_ver.o)
 .ARM.attributes
                0x00000000000003d0       0x1c c:/devkitpro/devkitarm/bin/../lib/gcc/arm-none-eabi/10.2.0/thumb\libgcc.a(_arm_addsubdf3.o)
 .ARM.attributes
                0x00000000000003ec       0x1c c:/devkitpro/devkitarm/bin/../lib/gcc/arm-none-eabi/10.2.0/thumb\libgcc.a(_arm_muldivdf3.o)
 .ARM.attributes
                0x0000000000000408       0x1c c:/devkitpro/devkitarm/bin/../lib/gcc/arm-none-eabi/10.2.0/thumb\libgcc.a(_arm_cmpdf2.o)
 .ARM.attributes
                0x0000000000000424       0x1c c:/devkitpro/devkitarm/bin/../lib/gcc/arm-none-eabi/10.2.0/thumb\libgcc.a(_arm_unorddf2.o)
 .ARM.attributes
                0x0000000000000440       0x1c c:/devkitpro/devkitarm/bin/../lib/gcc/arm-none-eabi/10.2.0/thumb\libgcc.a(_arm_fixdfsi.o)
 .ARM.attributes
                0x000000000000045c       0x2a c:/devkitpro/devkitarm/bin/../lib/gcc/arm-none-eabi/10.2.0/thumb\libgcc.a(_muldi3.o)
 .ARM.attributes
                0x0000000000000486       0x2a c:/devkitpro/devkitarm/bin/../lib/gcc/arm-none-eabi/10.2.0/../../../../arm-none-eabi/lib/thumb\libg.a(lib_a-calloc.o)
 .ARM.attributes
                0x00000000000004b0       0x2a c:/devkitpro/devkitarm/bin/../lib/gcc/arm-none-eabi/10.2.0/../../../../arm-none-eabi/lib/thumb\libg.a(lib_a-callocr.o)
 .ARM.attributes
                0x00000000000004da       0x2a c:/devkitpro/devkitarm/bin/../lib/gcc/arm-none-eabi/10.2.0/../../../../arm-none-eabi/lib/thumb\libg.a(lib_a-errno.o)
 .ARM.attributes
                0x0000000000000504       0x2a c:/devkitpro/devkitarm/bin/../lib/gcc/arm-none-eabi/10.2.0/../../../../arm-none-eabi/lib/thumb\libg.a(lib_a-init.o)
 .ARM.attributes
                0x000000000000052e       0x2a c:/devkitpro/devkitarm/bin/../lib/gcc/arm-none-eabi/10.2.0/../../../../arm-none-eabi/lib/thumb\libg.a(lib_a-malloc.o)
 .ARM.attributes
                0x0000000000000558       0x2a c:/devkitpro/devkitarm/bin/../lib/gcc/arm-none-eabi/10.2.0/../../../../arm-none-eabi/lib/thumb\libg.a(lib_a-mallocr.o)
 .ARM.attributes
                0x0000000000000582       0x2a c:/devkitpro/devkitarm/bin/../lib/gcc/arm-none-eabi/10.2.0/../../../../arm-none-eabi/lib/thumb\libg.a(lib_a-memcpy-stub.o)
 .ARM.attributes
                0x00000000000005ac       0x2a c:/devkitpro/devkitarm/bin/../lib/gcc/arm-none-eabi/10.2.0/../../../../arm-none-eabi/lib/thumb\libg.a(lib_a-memset.o)
 .ARM.attributes
                0x00000000000005d6       0x2a c:/devkitpro/devkitarm/bin/../lib/gcc/arm-none-eabi/10.2.0/../../../../arm-none-eabi/lib/thumb\libg.a(lib_a-mlock.o)
 .ARM.attributes
                0x0000000000000600       0x2a c:/devkitpro/devkitarm/bin/../lib/gcc/arm-none-eabi/10.2.0/../../../../arm-none-eabi/lib/thumb\libg.a(lib_a-realloc.o)
 .ARM.attributes
                0x000000000000062a       0x2a c:/devkitpro/devkitarm/bin/../lib/gcc/arm-none-eabi/10.2.0/../../../../arm-none-eabi/lib/thumb\libg.a(lib_a-reallocr.o)
 .ARM.attributes
                0x0000000000000654       0x2a c:/devkitpro/devkitarm/bin/../lib/gcc/arm-none-eabi/10.2.0/../../../../arm-none-eabi/lib/thumb\libg.a(lib_a-freer.o)
 .ARM.attributes
                0x000000000000067e       0x2a c:/devkitpro/devkitarm/bin/../lib/gcc/arm-none-eabi/10.2.0/../../../../arm-none-eabi/lib/thumb\libg.a(lib_a-memmove.o)
 .ARM.attributes
                0x00000000000006a8       0x2a c:/devkitpro/devkitarm/bin/../lib/gcc/arm-none-eabi/10.2.0/../../../../arm-none-eabi/lib/thumb\libsysbase.a(sbrk.o)
 .ARM.attributes
                0x00000000000006d2       0x30 c:/devkitpro/devkitarm/bin/../lib/gcc/arm-none-eabi/10.2.0/../../../../arm-none-eabi/lib/thumb\libsysbase.a(malloc_vars.o)
 .ARM.attributes
                0x0000000000000702       0x2a c:/devkitpro/devkitarm/bin/../lib/gcc/arm-none-eabi/10.2.0/../../../../arm-none-eabi/lib/thumb\libsysbase.a(build_argv.o)
 .ARM.attributes
                0x000000000000072c       0x2a c:/devkitpro/devkitarm/bin/../lib/gcc/arm-none-eabi/10.2.0/../../../../arm-none-eabi/lib/thumb\libsysbase.a(syscall_support.o)
 .ARM.attributes
                0x0000000000000756       0x2a c:/devkitpro/devkitarm/bin/../lib/gcc/arm-none-eabi/10.2.0/../../../../arm-none-eabi/lib/thumb\libsysbase.a(getreent.o)
 .ARM.attributes
                0x0000000000000780       0x30 c:/devkitpro/devkitarm/bin/../lib/gcc/arm-none-eabi/10.2.0/../../../../arm-none-eabi/lib/thumb\libg.a(lib_a-impure.o)
 .ARM.attributes
                0x00000000000007b0       0x30 c:/devkitpro/devkitarm/bin/../lib/gcc/arm-none-eabi/10.2.0/thumb/crtend.o
 .ARM.attributes
                0x00000000000007e0       0x1c c:/devkitpro/devkitarm/bin/../lib/gcc/arm-none-eabi/10.2.0/thumb/crtn.o

.debug
 *(.debug)

.line
 *(.line)

.debug_srcinfo
 *(.debug_srcinfo)

.debug_sfnames
 *(.debug_sfnames)

.debug_aranges  0x0000000000000000      0x678
 *(.debug_aranges)
 .debug_aranges
                0x0000000000000000       0x28 main.o
 .debug_aranges
                0x0000000000000028       0xc8 C:/devkitPro/libnds/lib\libnds9.a(gl2d.o)
 .debug_aranges
                0x00000000000000f0       0x60 C:/devkitPro/libnds/lib\libnds9.a(trig.o)
 .debug_aranges
                0x0000000000000150      0x140 C:/devkitPro/libnds/lib\libnds9.a(videoGL.o)
 .debug_aranges
                0x0000000000000290       0x20 C:/devkitPro/libnds/lib\libnds9.a(initSystem.o)
 .debug_aranges
                0x00000000000002b0       0x20 C:/devkitPro/libnds/lib\libnds9.a(timeSupport.o)
 .debug_aranges
                0x00000000000002d0       0x18 C:/devkitPro/libnds/lib\libnds9.a(securearea.o)
 .debug_aranges
                0x00000000000002e8       0x50 C:/devkitPro/libnds/lib\libnds9.a(interrupts.o)
 .debug_aranges
                0x0000000000000338       0x28 C:/devkitPro/libnds/lib\libnds9.a(libnds_exit.arm.o)
 .debug_aranges
                0x0000000000000360       0xb0 C:/devkitPro/libnds/lib\libnds9.a(fifosystem.o)
 .debug_aranges
                0x0000000000000410       0x30 C:/devkitPro/libnds/lib\libnds9.a(mpu_setup.o)
 .debug_aranges
                0x0000000000000440       0x28 C:/devkitPro/libnds/lib\libnds9.a(IntrWait.o)
 .debug_aranges
                0x0000000000000468       0x20 C:/devkitPro/libnds/lib\libnds9.a(cpu_clock.o)
 .debug_aranges
                0x0000000000000488       0x20 C:/devkitPro/libnds/lib\libnds9.a(interruptDispatcher.o)
 .debug_aranges
                0x00000000000004a8       0x20 C:/devkitPro/libnds/lib\libnds9.a(swiSoftReset.o)
 .debug_aranges
                0x00000000000004c8       0xc8 C:/devkitPro/libnds/lib\libnds9.a(biosCalls.o)
 .debug_aranges
                0x0000000000000590       0x38 C:/devkitPro/libnds/lib\libnds9.a(dynamicArray.o)
 .debug_aranges
                0x00000000000005c8       0x48 C:/devkitPro/libnds/lib\libnds9.a(video.o)
 .debug_aranges
                0x0000000000000610       0x68 C:/devkitPro/libnds/lib\libnds9.a(system.o)

.debug_pubnames
 *(.debug_pubnames)

.debug_info     0x0000000000000000    0x10fb5
 *(.debug_info)
 .debug_info    0x0000000000000000     0x2612 main.o
 .debug_info    0x0000000000002612     0x5382 C:/devkitPro/libnds/lib\libnds9.a(gl2d.o)
 .debug_info    0x0000000000007994      0x79b C:/devkitPro/libnds/lib\libnds9.a(trig.o)
 .debug_info    0x000000000000812f     0x38ec C:/devkitPro/libnds/lib\libnds9.a(videoGL.o)
 .debug_info    0x000000000000ba1b     0x12a5 C:/devkitPro/libnds/lib\libnds9.a(initSystem.o)
 .debug_info    0x000000000000ccc0      0xa64 C:/devkitPro/libnds/lib\libnds9.a(timeSupport.o)
 .debug_info    0x000000000000d724       0x59 C:/devkitPro/libnds/lib\libnds9.a(securearea.o)
 .debug_info    0x000000000000d77d      0x68f C:/devkitPro/libnds/lib\libnds9.a(interrupts.o)
 .debug_info    0x000000000000de0c      0x378 C:/devkitPro/libnds/lib\libnds9.a(libnds_exit.arm.o)
 .debug_info    0x000000000000e184     0x189c C:/devkitPro/libnds/lib\libnds9.a(fifosystem.o)
 .debug_info    0x000000000000fa20       0x22 C:/devkitPro/libnds/lib\libnds9.a(mpu_setup.o)
 .debug_info    0x000000000000fa42       0x22 C:/devkitPro/libnds/lib\libnds9.a(IntrWait.o)
 .debug_info    0x000000000000fa64       0x26 C:/devkitPro/libnds/lib\libnds9.a(cpu_clock.o)
 .debug_info    0x000000000000fa8a       0x26 C:/devkitPro/libnds/lib\libnds9.a(interruptDispatcher.o)
 .debug_info    0x000000000000fab0       0x26 C:/devkitPro/libnds/lib\libnds9.a(swiSoftReset.o)
 .debug_info    0x000000000000fad6       0x22 C:/devkitPro/libnds/lib\libnds9.a(biosCalls.o)
 .debug_info    0x000000000000faf8      0x273 C:/devkitPro/libnds/lib\libnds9.a(dynamicArray.o)
 .debug_info    0x000000000000fd6b      0x7c5 C:/devkitPro/libnds/lib\libnds9.a(video.o)
 .debug_info    0x0000000000010530      0xa85 C:/devkitPro/libnds/lib\libnds9.a(system.o)

.debug_abbrev   0x0000000000000000     0x2615
 *(.debug_abbrev)
 .debug_abbrev  0x0000000000000000      0x43f main.o
 .debug_abbrev  0x000000000000043f      0x4c4 C:/devkitPro/libnds/lib\libnds9.a(gl2d.o)
 .debug_abbrev  0x0000000000000903      0x224 C:/devkitPro/libnds/lib\libnds9.a(trig.o)
 .debug_abbrev  0x0000000000000b27      0x57e C:/devkitPro/libnds/lib\libnds9.a(videoGL.o)
 .debug_abbrev  0x00000000000010a5      0x33f C:/devkitPro/libnds/lib\libnds9.a(initSystem.o)
 .debug_abbrev  0x00000000000013e4      0x1e5 C:/devkitPro/libnds/lib\libnds9.a(timeSupport.o)
 .debug_abbrev  0x00000000000015c9       0x47 C:/devkitPro/libnds/lib\libnds9.a(securearea.o)
 .debug_abbrev  0x0000000000001610      0x2dd C:/devkitPro/libnds/lib\libnds9.a(interrupts.o)
 .debug_abbrev  0x00000000000018ed      0x1a8 C:/devkitPro/libnds/lib\libnds9.a(libnds_exit.arm.o)
 .debug_abbrev  0x0000000000001a95      0x491 C:/devkitPro/libnds/lib\libnds9.a(fifosystem.o)
 .debug_abbrev  0x0000000000001f26       0x12 C:/devkitPro/libnds/lib\libnds9.a(mpu_setup.o)
 .debug_abbrev  0x0000000000001f38       0x12 C:/devkitPro/libnds/lib\libnds9.a(IntrWait.o)
 .debug_abbrev  0x0000000000001f4a       0x14 C:/devkitPro/libnds/lib\libnds9.a(cpu_clock.o)
 .debug_abbrev  0x0000000000001f5e       0x14 C:/devkitPro/libnds/lib\libnds9.a(interruptDispatcher.o)
 .debug_abbrev  0x0000000000001f72       0x14 C:/devkitPro/libnds/lib\libnds9.a(swiSoftReset.o)
 .debug_abbrev  0x0000000000001f86       0x12 C:/devkitPro/libnds/lib\libnds9.a(biosCalls.o)
 .debug_abbrev  0x0000000000001f98      0x13d C:/devkitPro/libnds/lib\libnds9.a(dynamicArray.o)
 .debug_abbrev  0x00000000000020d5      0x241 C:/devkitPro/libnds/lib\libnds9.a(video.o)
 .debug_abbrev  0x0000000000002316      0x2ff C:/devkitPro/libnds/lib\libnds9.a(system.o)

.debug_line     0x0000000000000000     0xaa44
 *(.debug_line)
 .debug_line    0x0000000000000000      0x55d main.o
 .debug_line    0x000000000000055d     0x3b24 C:/devkitPro/libnds/lib\libnds9.a(gl2d.o)
 .debug_line    0x0000000000004081      0x77d C:/devkitPro/libnds/lib\libnds9.a(trig.o)
 .debug_line    0x00000000000047fe     0x2be3 C:/devkitPro/libnds/lib\libnds9.a(videoGL.o)
 .debug_line    0x00000000000073e1      0x58b C:/devkitPro/libnds/lib\libnds9.a(initSystem.o)
 .debug_line    0x000000000000796c      0x1f0 C:/devkitPro/libnds/lib\libnds9.a(timeSupport.o)
 .debug_line    0x0000000000007b5c       0x8f C:/devkitPro/libnds/lib\libnds9.a(securearea.o)
 .debug_line    0x0000000000007beb      0x569 C:/devkitPro/libnds/lib\libnds9.a(interrupts.o)
 .debug_line    0x0000000000008154      0x252 C:/devkitPro/libnds/lib\libnds9.a(libnds_exit.arm.o)
 .debug_line    0x00000000000083a6     0x142b C:/devkitPro/libnds/lib\libnds9.a(fifosystem.o)
 .debug_line    0x00000000000097d1      0x13c C:/devkitPro/libnds/lib\libnds9.a(mpu_setup.o)
 .debug_line    0x000000000000990d       0xc7 C:/devkitPro/libnds/lib\libnds9.a(IntrWait.o)
 .debug_line    0x00000000000099d4       0xb0 C:/devkitPro/libnds/lib\libnds9.a(cpu_clock.o)
 .debug_line    0x0000000000009a84       0xd9 C:/devkitPro/libnds/lib\libnds9.a(interruptDispatcher.o)
 .debug_line    0x0000000000009b5d       0xa9 C:/devkitPro/libnds/lib\libnds9.a(swiSoftReset.o)
 .debug_line    0x0000000000009c06      0x1ff C:/devkitPro/libnds/lib\libnds9.a(biosCalls.o)
 .debug_line    0x0000000000009e05      0x285 C:/devkitPro/libnds/lib\libnds9.a(dynamicArray.o)
 .debug_line    0x000000000000a08a      0x4d9 C:/devkitPro/libnds/lib\libnds9.a(video.o)
 .debug_line    0x000000000000a563      0x4e1 C:/devkitPro/libnds/lib\libnds9.a(system.o)

.debug_frame    0x0000000000000000      0xed0
 *(.debug_frame)
 .debug_frame   0x0000000000000000       0x68 main.o
 .debug_frame   0x0000000000000068      0x358 C:/devkitPro/libnds/lib\libnds9.a(gl2d.o)
 .debug_frame   0x00000000000003c0       0xd8 C:/devkitPro/libnds/lib\libnds9.a(trig.o)
 .debug_frame   0x0000000000000498      0x458 C:/devkitPro/libnds/lib\libnds9.a(videoGL.o)
 .debug_frame   0x00000000000008f0       0x28 C:/devkitPro/libnds/lib\libnds9.a(initSystem.o)
 .debug_frame   0x0000000000000918       0x28 C:/devkitPro/libnds/lib\libnds9.a(timeSupport.o)
 .debug_frame   0x0000000000000940       0xa4 C:/devkitPro/libnds/lib\libnds9.a(interrupts.o)
 .debug_frame   0x00000000000009e4       0x38 C:/devkitPro/libnds/lib\libnds9.a(libnds_exit.arm.o)
 .debug_frame   0x0000000000000a1c      0x290 C:/devkitPro/libnds/lib\libnds9.a(fifosystem.o)
 .debug_frame   0x0000000000000cac       0x70 C:/devkitPro/libnds/lib\libnds9.a(dynamicArray.o)
 .debug_frame   0x0000000000000d1c       0xbc C:/devkitPro/libnds/lib\libnds9.a(video.o)
 .debug_frame   0x0000000000000dd8       0xf8 C:/devkitPro/libnds/lib\libnds9.a(system.o)

.debug_str      0x0000000000000000     0x4509
 *(.debug_str)
 .debug_str     0x0000000000000000     0x10cc main.o
                                       0x11a4 (size before relaxing)
 .debug_str     0x00000000000010cc      0x8fe C:/devkitPro/libnds/lib\libnds9.a(gl2d.o)
                                        0xc66 (size before relaxing)
 .debug_str     0x00000000000019ca      0x102 C:/devkitPro/libnds/lib\libnds9.a(trig.o)
                                        0x2e7 (size before relaxing)
 .debug_str     0x0000000000001acc     0x1097 C:/devkitPro/libnds/lib\libnds9.a(videoGL.o)
                                       0x1721 (size before relaxing)
 .debug_str     0x0000000000002b63      0x9d4 C:/devkitPro/libnds/lib\libnds9.a(initSystem.o)
                                        0xc4b (size before relaxing)
 .debug_str     0x0000000000003537       0x7e C:/devkitPro/libnds/lib\libnds9.a(timeSupport.o)
                                        0x689 (size before relaxing)
 .debug_str     0x00000000000035b5       0x7f C:/devkitPro/libnds/lib\libnds9.a(securearea.o)
                                        0x16e (size before relaxing)
 .debug_str     0x0000000000003634      0x19b C:/devkitPro/libnds/lib\libnds9.a(interrupts.o)
                                        0x48d (size before relaxing)
 .debug_str     0x00000000000037cf      0x123 C:/devkitPro/libnds/lib\libnds9.a(libnds_exit.arm.o)
                                        0x3e5 (size before relaxing)
 .debug_str     0x00000000000038f2      0x4a1 C:/devkitPro/libnds/lib\libnds9.a(fifosystem.o)
                                        0x894 (size before relaxing)
 .debug_str     0x0000000000003d93       0x7a C:/devkitPro/libnds/lib\libnds9.a(mpu_setup.o)
                                         0xce (size before relaxing)
 .debug_str     0x0000000000003e0d       0x6d C:/devkitPro/libnds/lib\libnds9.a(IntrWait.o)
                                         0xcd (size before relaxing)
 .debug_str     0x0000000000003e7a       0x6e C:/devkitPro/libnds/lib\libnds9.a(cpu_clock.o)
                                         0xce (size before relaxing)
 .debug_str     0x0000000000003ee8       0x73 C:/devkitPro/libnds/lib\libnds9.a(interruptDispatcher.o)
                                         0xd3 (size before relaxing)
 .debug_str     0x0000000000003f5b       0x6c C:/devkitPro/libnds/lib\libnds9.a(swiSoftReset.o)
                                         0xcc (size before relaxing)
 .debug_str     0x0000000000003fc7       0x69 C:/devkitPro/libnds/lib\libnds9.a(biosCalls.o)
                                         0xc9 (size before relaxing)
 .debug_str     0x0000000000004030       0x90 C:/devkitPro/libnds/lib\libnds9.a(dynamicArray.o)
                                        0x29e (size before relaxing)
 .debug_str     0x00000000000040c0       0xb8 C:/devkitPro/libnds/lib\libnds9.a(video.o)
                                        0xc53 (size before relaxing)
 .debug_str     0x0000000000004178      0x391 C:/devkitPro/libnds/lib\libnds9.a(system.o)
                                        0x791 (size before relaxing)

.debug_loc      0x0000000000000000     0xa4b7
 *(.debug_loc)
 .debug_loc     0x0000000000000000      0x2e7 main.o
 .debug_loc     0x00000000000002e7     0x3ac5 C:/devkitPro/libnds/lib\libnds9.a(gl2d.o)
 .debug_loc     0x0000000000003dac      0xbe6 C:/devkitPro/libnds/lib\libnds9.a(trig.o)
 .debug_loc     0x0000000000004992     0x39bf C:/devkitPro/libnds/lib\libnds9.a(videoGL.o)
 .debug_loc     0x0000000000008351       0xf0 C:/devkitPro/libnds/lib\libnds9.a(initSystem.o)
 .debug_loc     0x0000000000008441       0x25 C:/devkitPro/libnds/lib\libnds9.a(timeSupport.o)
 .debug_loc     0x0000000000008466      0x26c C:/devkitPro/libnds/lib\libnds9.a(interrupts.o)
 .debug_loc     0x00000000000086d2       0x64 C:/devkitPro/libnds/lib\libnds9.a(libnds_exit.arm.o)
 .debug_loc     0x0000000000008736     0x168e C:/devkitPro/libnds/lib\libnds9.a(fifosystem.o)
 .debug_loc     0x0000000000009dc4      0x20c C:/devkitPro/libnds/lib\libnds9.a(dynamicArray.o)
 .debug_loc     0x0000000000009fd0      0x2e5 C:/devkitPro/libnds/lib\libnds9.a(video.o)
 .debug_loc     0x000000000000a2b5      0x202 C:/devkitPro/libnds/lib\libnds9.a(system.o)

.debug_macinfo
 *(.debug_macinfo)

.debug_weaknames
 *(.debug_weaknames)

.debug_funcnames
 *(.debug_funcnames)

.debug_typenames
 *(.debug_typenames)

.debug_varnames
 *(.debug_varnames)

.stack          0x0000000000080000        0x0
                0x0000000000080000                _stack = .
 *(.stack)
LOAD c:/devkitpro/devkitarm/bin/../lib/gcc/arm-none-eabi/10.2.0/../../../../arm-none-eabi/lib/thumb/ds_arm9_crt0.o
LOAD c:/devkitpro/devkitarm/bin/../lib/gcc/arm-none-eabi/10.2.0/thumb/crti.o
LOAD c:/devkitpro/devkitarm/bin/../lib/gcc/arm-none-eabi/10.2.0/thumb/crtbegin.o
LOAD main.o
LOAD C:/devkitPro/libnds/lib\libnds9.a
LOAD c:/devkitpro/devkitarm/bin/../lib/gcc/arm-none-eabi/10.2.0/../../../../arm-none-eabi/lib/thumb\libstdc++.a
LOAD c:/devkitpro/devkitarm/bin/../lib/gcc/arm-none-eabi/10.2.0/../../../../arm-none-eabi/lib/thumb\libm.a
START GROUP
LOAD c:/devkitpro/devkitarm/bin/../lib/gcc/arm-none-eabi/10.2.0/thumb\libgcc.a
LOAD c:/devkitpro/devkitarm/bin/../lib/gcc/arm-none-eabi/10.2.0/../../../../arm-none-eabi/lib/thumb\libg.a
LOAD c:/devkitpro/devkitarm/bin/../lib/gcc/arm-none-eabi/10.2.0/../../../../arm-none-eabi/lib/thumb\libc.a
LOAD c:/devkitpro/devkitarm/bin/../lib/gcc/arm-none-eabi/10.2.0/../../../../arm-none-eabi/lib/thumb\libsysbase.a
END GROUP
LOAD c:/devkitpro/devkitarm/bin/../lib/gcc/arm-none-eabi/10.2.0/thumb/crtend.o
LOAD c:/devkitpro/devkitarm/bin/../lib/gcc/arm-none-eabi/10.2.0/thumb/crtn.o
OUTPUT(C:/devkitPro/projects/nds/learningStuff/learningStuff.elf elf32-littlearm)
LOAD linker stubs

.debug_ranges   0x0000000000000000     0x2da0
 .debug_ranges  0x0000000000000000      0x130 main.o
 .debug_ranges  0x0000000000000130     0x1a68 C:/devkitPro/libnds/lib\libnds9.a(gl2d.o)
 .debug_ranges  0x0000000000001b98       0xf0 C:/devkitPro/libnds/lib\libnds9.a(trig.o)
 .debug_ranges  0x0000000000001c88      0x940 C:/devkitPro/libnds/lib\libnds9.a(videoGL.o)
 .debug_ranges  0x00000000000025c8       0x10 C:/devkitPro/libnds/lib\libnds9.a(initSystem.o)
 .debug_ranges  0x00000000000025d8       0x10 C:/devkitPro/libnds/lib\libnds9.a(timeSupport.o)
 .debug_ranges  0x00000000000025e8      0x100 C:/devkitPro/libnds/lib\libnds9.a(interrupts.o)
 .debug_ranges  0x00000000000026e8       0x18 C:/devkitPro/libnds/lib\libnds9.a(libnds_exit.arm.o)
 .debug_ranges  0x0000000000002700      0x4c8 C:/devkitPro/libnds/lib\libnds9.a(fifosystem.o)
 .debug_ranges  0x0000000000002bc8       0x28 C:/devkitPro/libnds/lib\libnds9.a(mpu_setup.o)
 .debug_ranges  0x0000000000002bf0       0x20 C:/devkitPro/libnds/lib\libnds9.a(IntrWait.o)
 .debug_ranges  0x0000000000002c10       0xc0 C:/devkitPro/libnds/lib\libnds9.a(biosCalls.o)
 .debug_ranges  0x0000000000002cd0       0x28 C:/devkitPro/libnds/lib\libnds9.a(dynamicArray.o)
 .debug_ranges  0x0000000000002cf8       0x50 C:/devkitPro/libnds/lib\libnds9.a(video.o)
 .debug_ranges  0x0000000000002d48       0x58 C:/devkitPro/libnds/lib\libnds9.a(system.o)
